<html>
<body>
<pre>
<h1>µVision Build Log</h1>
<h2>Tool Versions:</h2>
IDE-Version: ?Vision V5.17.0.0
Copyright (C) 2015 ARM Ltd and ARM Germany GmbH. All rights reserved.
License Information: chaaynin chanthananond, kmitl, LIC=----
 
Tool Versions:
Toolchain:       MDK-Lite  Version: 5.17
Toolchain Path:  C:\Keil_v5\ARM\ARMCC\Bin
C Compiler:      Armcc.exe V5.06 update 1 (build 61)
Assembler:       Armasm.exe V5.06 update 1 (build 61)
Linker/Locator:  ArmLink.exe V5.06 update 1 (build 61)
Library Manager: ArmAr.exe V5.06 update 1 (build 61)
Hex Converter:   FromElf.exe V5.06 update 1 (build 61)
CPU DLL:         SARMCM3.DLL V5.17
Dialog DLL:      DCM.DLL V1.13.4.0
Target DLL:      STLink\ST-LINKIII-KEIL_SWO.dll V2.0.18.0
Dialog DLL:      TCM.DLL V1.14.6.0
 
<h2>Project:</h2>
D:\com interface\lab_LCD\MDK-ARM\lab_LCD.uvprojx
Project File Date:  04/12/2018

<h2>Output:</h2>
*** Using Compiler 'V5.06 update 1 (build 61)', folder: 'C:\Keil_v5\ARM\ARMCC\Bin'
Build target 'lab_LCD'
compiling main.c...
../Src/main.c(132): warning:  #177-D: variable "str" was declared but never referenced
  	char str[20]  = "chayanin chanthanond";
../Src/main.c(441): warning:  #223-D: function "test" declared implicitly
  			  test(i,j,fox[j/10][i/10]);
../Src/main.c(452): warning:  #223-D: function "test50" declared implicitly
  	 test50(80,109,0x580);
../Src/main.c(461): warning:  #223-D: function "test" declared implicitly
   	test(0,0,0xE228);
../Src/main.c(101): warning:  #177-D: function "set_map" was declared but never referenced
  static void set_map(void);
../Src/main.c(450): warning:  #177-D: function "test_offset" was declared but never referenced
  void test_offset(){
../Src/main.c(459): warning:  #177-D: function "hue_test" was declared but never referenced
  void hue_test(){
../Src/main.c: 7 warnings, 0 errors
linking...
Program Size: Code=8500 RO-data=392 RW-data=424 ZI-data=1296  
FromELF: creating hex file...
"lab_LCD\lab_LCD.axf" - 0 Error(s), 7 Warning(s).

<h2>Software Packages used:</h2>

Package Vendor: ARM
                http://www.keil.com/pack/ARM.CMSIS.4.5.0.pack
                ARM::CMSIS:CORE:4.3.0
                CMSIS (Cortex Microcontroller Software Interface Standard)
   * Component: CORE Version: 4.3.0

<h2>Collection of Component include folders:</h2>
  D:\com interface\lab_LCD\MDK-ARM\RTE
  C:\Keil_v5\ARM\PACK\ARM\CMSIS\4.5.0\CMSIS\Include
  C:\Keil_v5\ARM\PACK\Keil\STM32F1xx_DFP\2.0.0\Device\Include

<h2>Collection of Component Files used:</h2>

   * Component: ARM::CMSIS:CORE:4.3.0
Build Time Elapsed:  00:00:08
</pre>
</body>
</html>
